V3 3
FL /mnt/work/amiga/Peripherals/A2630/Recreate/Logic/N2630_HIGH/MAIN_HIGH.vhd 2022/02/19.12:20:26 P.20131013
EN work/MAIN_HIGH 1645294837 \
      FL /mnt/work/amiga/Peripherals/A2630/Recreate/Logic/N2630_HIGH/MAIN_HIGH.vhd \
      PB ieee/std_logic_1164 1381692176 PB ieee/STD_LOGIC_UNSIGNED 1381692179
AR work/MAIN_HIGH/Behavioral 1645294838 \
      FL /mnt/work/amiga/Peripherals/A2630/Recreate/Logic/N2630_HIGH/MAIN_HIGH.vhd \
      EN work/MAIN_HIGH 1645294837
