Release 14.7 - xst P.20131013 (lin64)
Copyright (c) 1995-2013 Xilinx, Inc.  All rights reserved.
--> 
Parameter TMPDIR set to xst/projnav.tmp


Total REAL time to Xst completion: 0.00 secs
Total CPU time to Xst completion: 0.04 secs
 
--> 
Parameter xsthdpdir set to xst


Total REAL time to Xst completion: 0.00 secs
Total CPU time to Xst completion: 0.04 secs
 
--> 
Reading design: N2630_Main.prj

TABLE OF CONTENTS
  1) Synthesis Options Summary
  2) HDL Compilation
  3) Design Hierarchy Analysis
  4) HDL Analysis
  5) HDL Synthesis
     5.1) HDL Synthesis Report
  6) Advanced HDL Synthesis
     6.1) Advanced HDL Synthesis Report
  7) Low Level Synthesis
  8) Partition Report
  9) Final Report

=========================================================================
*                      Synthesis Options Summary                        *
=========================================================================
---- Source Parameters
Input File Name                    : "N2630_Main.prj"
Input Format                       : mixed
Ignore Synthesis Constraint File   : NO

---- Target Parameters
Output File Name                   : "N2630_Main"
Output Format                      : NGC
Target Device                      : XC9500XL CPLDs

---- Source Options
Top Module Name                    : N2630_Main
Automatic FSM Extraction           : YES
FSM Encoding Algorithm             : Auto
Safe Implementation                : No
Mux Extraction                     : Yes
Resource Sharing                   : YES

---- Target Options
Add IO Buffers                     : YES
MACRO Preserve                     : YES
XOR Preserve                       : YES
Equivalent register Removal        : YES

---- General Options
Optimization Goal                  : Speed
Optimization Effort                : 1
Keep Hierarchy                     : Yes
Netlist Hierarchy                  : As_Optimized
RTL Output                         : Yes
Hierarchy Separator                : /
Bus Delimiter                      : <>
Case Specifier                     : Maintain
Verilog 2001                       : YES

---- Other Options
Clock Enable                       : YES
wysiwyg                            : NO

=========================================================================


=========================================================================
*                          HDL Compilation                              *
=========================================================================
Compiling vhdl file "/mnt/work/amiga/Peripherals/A2630/Recreate/Logic/N2630/N2630_Main.vhd" in Library work.
ERROR:HDLParsers:163 - "/mnt/work/amiga/Peripherals/A2630/Recreate/Logic/N2630/N2630_Main.vhd" Line 38. Unexpected symbol read: _.
ERROR:HDLParsers:163 - "/mnt/work/amiga/Peripherals/A2630/Recreate/Logic/N2630/N2630_Main.vhd" Line 39. Unexpected symbol read: _.
ERROR:HDLParsers:163 - "/mnt/work/amiga/Peripherals/A2630/Recreate/Logic/N2630/N2630_Main.vhd" Line 42. Unexpected symbol read: _.
ERROR:HDLParsers:163 - "/mnt/work/amiga/Peripherals/A2630/Recreate/Logic/N2630/N2630_Main.vhd" Line 43. Unexpected symbol read: _.
ERROR:HDLParsers:163 - "/mnt/work/amiga/Peripherals/A2630/Recreate/Logic/N2630/N2630_Main.vhd" Line 44. Unexpected symbol read: _.
ERROR:HDLParsers:163 - "/mnt/work/amiga/Peripherals/A2630/Recreate/Logic/N2630/N2630_Main.vhd" Line 46. Unexpected symbol read: _.
ERROR:HDLParsers:163 - "/mnt/work/amiga/Peripherals/A2630/Recreate/Logic/N2630/N2630_Main.vhd" Line 47. Unexpected symbol read: _.
ERROR:HDLParsers:163 - "/mnt/work/amiga/Peripherals/A2630/Recreate/Logic/N2630/N2630_Main.vhd" Line 48. Unexpected symbol read: _.
ERROR:HDLParsers:163 - "/mnt/work/amiga/Peripherals/A2630/Recreate/Logic/N2630/N2630_Main.vhd" Line 49. Unexpected symbol read: _.
ERROR:HDLParsers:163 - "/mnt/work/amiga/Peripherals/A2630/Recreate/Logic/N2630/N2630_Main.vhd" Line 52. Unexpected symbol read: _.
ERROR:HDLParsers:163 - "/mnt/work/amiga/Peripherals/A2630/Recreate/Logic/N2630/N2630_Main.vhd" Line 53. Unexpected symbol read: _.
ERROR:HDLParsers:163 - "/mnt/work/amiga/Peripherals/A2630/Recreate/Logic/N2630/N2630_Main.vhd" Line 54. Unexpected symbol read: _.
ERROR:HDLParsers:163 - "/mnt/work/amiga/Peripherals/A2630/Recreate/Logic/N2630/N2630_Main.vhd" Line 55. Unexpected symbol read: _.
ERROR:HDLParsers:163 - "/mnt/work/amiga/Peripherals/A2630/Recreate/Logic/N2630/N2630_Main.vhd" Line 57. Unexpected symbol read: _.
ERROR:HDLParsers:163 - "/mnt/work/amiga/Peripherals/A2630/Recreate/Logic/N2630/N2630_Main.vhd" Line 59. Unexpected symbol read: _.
ERROR:HDLParsers:163 - "/mnt/work/amiga/Peripherals/A2630/Recreate/Logic/N2630/N2630_Main.vhd" Line 60. Unexpected symbol read: _.
ERROR:HDLParsers:163 - "/mnt/work/amiga/Peripherals/A2630/Recreate/Logic/N2630/N2630_Main.vhd" Line 61. Unexpected symbol read: _.
ERROR:HDLParsers:163 - "/mnt/work/amiga/Peripherals/A2630/Recreate/Logic/N2630/N2630_Main.vhd" Line 62. Unexpected symbol read: _.
ERROR:HDLParsers:163 - "/mnt/work/amiga/Peripherals/A2630/Recreate/Logic/N2630/N2630_Main.vhd" Line 63. Unexpected symbol read: _.
ERROR:HDLParsers:163 - "/mnt/work/amiga/Peripherals/A2630/Recreate/Logic/N2630/N2630_Main.vhd" Line 64. Unexpected symbol read: _.
ERROR:HDLParsers:163 - "/mnt/work/amiga/Peripherals/A2630/Recreate/Logic/N2630/N2630_Main.vhd" Line 65. Unexpected symbol read: _.
ERROR:HDLParsers:163 - "/mnt/work/amiga/Peripherals/A2630/Recreate/Logic/N2630/N2630_Main.vhd" Line 66. Unexpected symbol read: _.
ERROR:HDLParsers:163 - "/mnt/work/amiga/Peripherals/A2630/Recreate/Logic/N2630/N2630_Main.vhd" Line 67. Unexpected symbol read: _.
ERROR:HDLParsers:163 - "/mnt/work/amiga/Peripherals/A2630/Recreate/Logic/N2630/N2630_Main.vhd" Line 68. Unexpected symbol read: _.
ERROR:HDLParsers:163 - "/mnt/work/amiga/Peripherals/A2630/Recreate/Logic/N2630/N2630_Main.vhd" Line 69. Unexpected symbol read: _.
ERROR:HDLParsers:163 - "/mnt/work/amiga/Peripherals/A2630/Recreate/Logic/N2630/N2630_Main.vhd" Line 70. Unexpected symbol read: _.
ERROR:HDLParsers:163 - "/mnt/work/amiga/Peripherals/A2630/Recreate/Logic/N2630/N2630_Main.vhd" Line 71. Unexpected symbol read: _.
ERROR:HDLParsers:1202 - "/mnt/work/amiga/Peripherals/A2630/Recreate/Logic/N2630/N2630_Main.vhd" Line 71. Redeclaration of symbol DTACK.
ERROR:HDLParsers:163 - "/mnt/work/amiga/Peripherals/A2630/Recreate/Logic/N2630/N2630_Main.vhd" Line 73. Unexpected symbol read: _.
ERROR:HDLParsers:163 - "/mnt/work/amiga/Peripherals/A2630/Recreate/Logic/N2630/N2630_Main.vhd" Line 74. Unexpected symbol read: _.
ERROR:HDLParsers:163 - "/mnt/work/amiga/Peripherals/A2630/Recreate/Logic/N2630/N2630_Main.vhd" Line 75. Unexpected symbol read: _.
ERROR:HDLParsers:1202 - "/mnt/work/amiga/Peripherals/A2630/Recreate/Logic/N2630/N2630_Main.vhd" Line 75. Redeclaration of symbol CSROM.
ERROR:HDLParsers:163 - "/mnt/work/amiga/Peripherals/A2630/Recreate/Logic/N2630/N2630_Main.vhd" Line 78. Unexpected symbol read: _.
ERROR:HDLParsers:3010 - "/mnt/work/amiga/Peripherals/A2630/Recreate/Logic/N2630/N2630_Main.vhd" Line 86. Entity N2630_Main does not exist.
ERROR:HDLParsers:3312 - "/mnt/work/amiga/Peripherals/A2630/Recreate/Logic/N2630/N2630_Main.vhd" Line 88. Undefined symbol 'STD_LOGIC'.
ERROR:HDLParsers:1209 - "/mnt/work/amiga/Peripherals/A2630/Recreate/Logic/N2630/N2630_Main.vhd" Line 88. STD_LOGIC: Undefined symbol (last report in this block)
ERROR:HDLParsers:3312 - "/mnt/work/amiga/Peripherals/A2630/Recreate/Logic/N2630/N2630_Main.vhd" Line 89. Undefined symbol 'STD_LOGIC_VECTOR'.
ERROR:HDLParsers:1209 - "/mnt/work/amiga/Peripherals/A2630/Recreate/Logic/N2630/N2630_Main.vhd" Line 89. STD_LOGIC_VECTOR: Undefined symbol (last report in this block)
ERROR:HDLParsers:163 - "/mnt/work/amiga/Peripherals/A2630/Recreate/Logic/N2630/N2630_Main.vhd" Line 96. Unexpected symbol read: _.
ERROR:HDLParsers:163 - "/mnt/work/amiga/Peripherals/A2630/Recreate/Logic/N2630/N2630_Main.vhd" Line 100. Unexpected symbol read: _.
ERROR:HDLParsers:163 - "/mnt/work/amiga/Peripherals/A2630/Recreate/Logic/N2630/N2630_Main.vhd" Line 102. Unexpected symbol read: _.
ERROR:HDLParsers:163 - "/mnt/work/amiga/Peripherals/A2630/Recreate/Logic/N2630/N2630_Main.vhd" Line 104. Unexpected symbol read: _.
ERROR:HDLParsers:163 - "/mnt/work/amiga/Peripherals/A2630/Recreate/Logic/N2630/N2630_Main.vhd" Line 105. Unexpected symbol read: _.
ERROR:HDLParsers:163 - "/mnt/work/amiga/Peripherals/A2630/Recreate/Logic/N2630/N2630_Main.vhd" Line 108. Unexpected symbol read: _.
ERROR:HDLParsers:3312 - "/mnt/work/amiga/Peripherals/A2630/Recreate/Logic/N2630/N2630_Main.vhd" Line 128. Undefined symbol 'BASIS7M'.
ERROR:HDLParsers:808 - "/mnt/work/amiga/Peripherals/A2630/Recreate/Logic/N2630/N2630_Main.vhd" Line 130. = can not have such operands in this context.
ERROR:HDLParsers:808 - "/mnt/work/amiga/Peripherals/A2630/Recreate/Logic/N2630/N2630_Main.vhd" Line 133. = can not have such operands in this context.
ERROR:HDLParsers:3312 - "/mnt/work/amiga/Peripherals/A2630/Recreate/Logic/N2630/N2630_Main.vhd" Line 133. Undefined symbol 'C3'.
ERROR:HDLParsers:3312 - "/mnt/work/amiga/Peripherals/A2630/Recreate/Logic/N2630/N2630_Main.vhd" Line 138. Undefined symbol 'CLK7M'.
ERROR:HDLParsers:1209 - "/mnt/work/amiga/Peripherals/A2630/Recreate/Logic/N2630/N2630_Main.vhd" Line 138. BASIS7M: Undefined symbol (last report in this block)
ERROR:HDLParsers:163 - "/mnt/work/amiga/Peripherals/A2630/Recreate/Logic/N2630/N2630_Main.vhd" Line 139. Unexpected symbol read: _.
ERROR:HDLParsers:1209 - "/mnt/work/amiga/Peripherals/A2630/Recreate/Logic/N2630/N2630_Main.vhd" Line 139. CLK7M: Undefined symbol (last report in this block)
ERROR:HDLParsers:3312 - "/mnt/work/amiga/Peripherals/A2630/Recreate/Logic/N2630/N2630_Main.vhd" Line 140. Undefined symbol 'CLK14M'.
ERROR:HDLParsers:3312 - "/mnt/work/amiga/Peripherals/A2630/Recreate/Logic/N2630/N2630_Main.vhd" Line 140. Undefined symbol 'CDAC'.
ERROR:HDLParsers:1209 - "/mnt/work/amiga/Peripherals/A2630/Recreate/Logic/N2630/N2630_Main.vhd" Line 140. CDAC: Undefined symbol (last report in this block)
ERROR:HDLParsers:3312 - "/mnt/work/amiga/Peripherals/A2630/Recreate/Logic/N2630/N2630_Main.vhd" Line 147. Undefined symbol 'SCLK'.
ERROR:HDLParsers:808 - "/mnt/work/amiga/Peripherals/A2630/Recreate/Logic/N2630/N2630_Main.vhd" Line 149. = can not have such operands in this context.
ERROR:HDLParsers:808 - "/mnt/work/amiga/Peripherals/A2630/Recreate/Logic/N2630/N2630_Main.vhd" Line 149. = can not have such operands in this context.
ERROR:HDLParsers:808 - "/mnt/work/amiga/Peripherals/A2630/Recreate/Logic/N2630/N2630_Main.vhd" Line 149. = can not have such operands in this context.
ERROR:HDLParsers:808 - "/mnt/work/amiga/Peripherals/A2630/Recreate/Logic/N2630/N2630_Main.vhd" Line 149. = can not have such operands in this context.
ERROR:HDLParsers:808 - "/mnt/work/amiga/Peripherals/A2630/Recreate/Logic/N2630/N2630_Main.vhd" Line 152. = can not have such operands in this context.
ERROR:HDLParsers:808 - "/mnt/work/amiga/Peripherals/A2630/Recreate/Logic/N2630/N2630_Main.vhd" Line 152. = can not have such operands in this context.
ERROR:HDLParsers:808 - "/mnt/work/amiga/Peripherals/A2630/Recreate/Logic/N2630/N2630_Main.vhd" Line 152. = can not have such operands in this context.
ERROR:HDLParsers:163 - "/mnt/work/amiga/Peripherals/A2630/Recreate/Logic/N2630/N2630_Main.vhd" Line 152. Unexpected symbol read: _.
ERROR:HDLParsers:808 - "/mnt/work/amiga/Peripherals/A2630/Recreate/Logic/N2630/N2630_Main.vhd" Line 152. = can not have such operands in this context.
ERROR:HDLParsers:163 - "/mnt/work/amiga/Peripherals/A2630/Recreate/Logic/N2630/N2630_Main.vhd" Line 163. Unexpected symbol read: _.
ERROR:HDLParsers:3312 - "/mnt/work/amiga/Peripherals/A2630/Recreate/Logic/N2630/N2630_Main.vhd" Line 163. Undefined symbol 'ASDELAY'.
ERROR:HDLParsers:163 - "/mnt/work/amiga/Peripherals/A2630/Recreate/Logic/N2630/N2630_Main.vhd" Line 163. Unexpected symbol read: _.
ERROR:HDLParsers:3313 - "/mnt/work/amiga/Peripherals/A2630/Recreate/Logic/N2630/N2630_Main.vhd" Line 163. Undefined symbol 'AS'.  Should it be: uS, pS, nS, mS, iS, fS or bS?
ERROR:HDLParsers:1209 - "/mnt/work/amiga/Peripherals/A2630/Recreate/Logic/N2630/N2630_Main.vhd" Line 163. AS: Undefined symbol (last report in this block)
ERROR:HDLParsers:3312 - "/mnt/work/amiga/Peripherals/A2630/Recreate/Logic/N2630/N2630_Main.vhd" Line 171. Undefined symbol 'TRISTATE'.
ERROR:HDLParsers:163 - "/mnt/work/amiga/Peripherals/A2630/Recreate/Logic/N2630/N2630_Main.vhd" Line 173. Unexpected symbol read: _.
ERROR:HDLParsers:808 - "/mnt/work/amiga/Peripherals/A2630/Recreate/Logic/N2630/N2630_Main.vhd" Line 173. = can not have such operands in this context.
ERROR:HDLParsers:163 - "/mnt/work/amiga/Peripherals/A2630/Recreate/Logic/N2630/N2630_Main.vhd" Line 176. Unexpected symbol read: _.
ERROR:HDLParsers:808 - "/mnt/work/amiga/Peripherals/A2630/Recreate/Logic/N2630/N2630_Main.vhd" Line 176. = can not have such operands in this context.
ERROR:HDLParsers:163 - "/mnt/work/amiga/Peripherals/A2630/Recreate/Logic/N2630/N2630_Main.vhd" Line 176. Unexpected symbol read: _.
ERROR:HDLParsers:808 - "/mnt/work/amiga/Peripherals/A2630/Recreate/Logic/N2630/N2630_Main.vhd" Line 176. = can not have such operands in this context.
ERROR:HDLParsers:3312 - "/mnt/work/amiga/Peripherals/A2630/Recreate/Logic/N2630/N2630_Main.vhd" Line 199. Undefined symbol 'A7M'.
ERROR:HDLParsers:1209 - "/mnt/work/amiga/Peripherals/A2630/Recreate/Logic/N2630/N2630_Main.vhd" Line 199. A7M: Undefined symbol (last report in this block)
ERROR:HDLParsers:3312 - "/mnt/work/amiga/Peripherals/A2630/Recreate/Logic/N2630/N2630_Main.vhd" Line 201. Undefined symbol 'IVMA'.
ERROR:HDLParsers:164 - "/mnt/work/amiga/Peripherals/A2630/Recreate/Logic/N2630/N2630_Main.vhd" Line 203. parse error, unexpected WHEN, expecting SEMICOLON
ERROR:HDLParsers:163 - "/mnt/work/amiga/Peripherals/A2630/Recreate/Logic/N2630/N2630_Main.vhd" Line 204. Unexpected symbol read: _.
WARNING:HDLParsers:1406 - "/mnt/work/amiga/Peripherals/A2630/Recreate/Logic/N2630/N2630_Main.vhd" Line 199. No sensitivity list and no wait in the process
ERROR:HDLParsers:3312 - "/mnt/work/amiga/Peripherals/A2630/Recreate/Logic/N2630/N2630_Main.vhd" Line 219. Undefined symbol 'A7M'.
ERROR:HDLParsers:1209 - "/mnt/work/amiga/Peripherals/A2630/Recreate/Logic/N2630/N2630_Main.vhd" Line 219. A7M: Undefined symbol (last report in this block)
ERROR:HDLParsers:163 - "/mnt/work/amiga/Peripherals/A2630/Recreate/Logic/N2630/N2630_Main.vhd" Line 221. Unexpected symbol read: _.
ERROR:HDLParsers:3312 - "/mnt/work/amiga/Peripherals/A2630/Recreate/Logic/N2630/N2630_Main.vhd" Line 221. Undefined symbol 'edtack'.
ERROR:HDLParsers:164 - "/mnt/work/amiga/Peripherals/A2630/Recreate/Logic/N2630/N2630_Main.vhd" Line 222. parse error, unexpected WHEN, expecting SEMICOLON
WARNING:HDLParsers:1406 - "/mnt/work/amiga/Peripherals/A2630/Recreate/Logic/N2630/N2630_Main.vhd" Line 219. No sensitivity list and no wait in the process
ERROR:HDLParsers:3312 - "/mnt/work/amiga/Peripherals/A2630/Recreate/Logic/N2630/N2630_Main.vhd" Line 235. Undefined symbol 'SCLK'.
ERROR:HDLParsers:1209 - "/mnt/work/amiga/Peripherals/A2630/Recreate/Logic/N2630/N2630_Main.vhd" Line 235. SCLK: Undefined symbol (last report in this block)
ERROR:HDLParsers:3312 - "/mnt/work/amiga/Peripherals/A2630/Recreate/Logic/N2630/N2630_Main.vhd" Line 237. Undefined symbol 'DSACKEN'.
ERROR:HDLParsers:164 - "/mnt/work/amiga/Peripherals/A2630/Recreate/Logic/N2630/N2630_Main.vhd" Line 238. parse error, unexpected WHEN, expecting SEMICOLON
ERROR:HDLParsers:163 - "/mnt/work/amiga/Peripherals/A2630/Recreate/Logic/N2630/N2630_Main.vhd" Line 239. Unexpected symbol read: _.
ERROR:HDLParsers:163 - "/mnt/work/amiga/Peripherals/A2630/Recreate/Logic/N2630/N2630_Main.vhd" Line 239. Unexpected symbol read: _.
ERROR:HDLParsers:163 - "/mnt/work/amiga/Peripherals/A2630/Recreate/Logic/N2630/N2630_Main.vhd" Line 242. Unexpected symbol read: _.
ERROR:HDLParsers:163 - "/mnt/work/amiga/Peripherals/A2630/Recreate/Logic/N2630/N2630_Main.vhd" Line 242. Unexpected symbol read: _.
ERROR:HDLParsers:163 - "/mnt/work/amiga/Peripherals/A2630/Recreate/Logic/N2630/N2630_Main.vhd" Line 245. Unexpected symbol read: _.
ERROR:HDLParsers:163 - "/mnt/work/amiga/Peripherals/A2630/Recreate/Logic/N2630/N2630_Main.vhd" Line 245. Unexpected symbol read: _.
WARNING:HDLParsers:1406 - "/mnt/work/amiga/Peripherals/A2630/Recreate/Logic/N2630/N2630_Main.vhd" Line 235. No sensitivity list and no wait in the process
ERROR:HDLParsers:3312 - "/mnt/work/amiga/Peripherals/A2630/Recreate/Logic/N2630/N2630_Main.vhd" Line 255. Undefined symbol 'SCLK'.
ERROR:HDLParsers:1209 - "/mnt/work/amiga/Peripherals/A2630/Recreate/Logic/N2630/N2630_Main.vhd" Line 255. SCLK: Undefined symbol (last report in this block)
ERROR:HDLParsers:3312 - "/mnt/work/amiga/Peripherals/A2630/Recreate/Logic/N2630/N2630_Main.vhd" Line 257. Undefined symbol 'cycend'.
ERROR:HDLParsers:164 - "/mnt/work/amiga/Peripherals/A2630/Recreate/Logic/N2630/N2630_Main.vhd" Line 258. parse error, unexpected WHEN, expecting SEMICOLON
ERROR:HDLParsers:163 - "/mnt/work/amiga/Peripherals/A2630/Recreate/Logic/N2630/N2630_Main.vhd" Line 259. Unexpected symbol read: _.
WARNING:HDLParsers:1406 - "/mnt/work/amiga/Peripherals/A2630/Recreate/Logic/N2630/N2630_Main.vhd" Line 255. No sensitivity list and no wait in the process
ERROR:HDLParsers:163 - "/mnt/work/amiga/Peripherals/A2630/Recreate/Logic/N2630/N2630_Main.vhd" Line 273. Unexpected symbol read: _.
ERROR:HDLParsers:3312 - "/mnt/work/amiga/Peripherals/A2630/Recreate/Logic/N2630/N2630_Main.vhd" Line 273. Undefined symbol 'ASEN'.
ERROR:HDLParsers:1209 - "/mnt/work/amiga/Peripherals/A2630/Recreate/Logic/N2630/N2630_Main.vhd" Line 273. ASEN: Undefined symbol (last report in this block)
ERROR:HDLParsers:808 - "/mnt/work/amiga/Peripherals/A2630/Recreate/Logic/N2630/N2630_Main.vhd" Line 275. = can not have such operands in this context.
ERROR:HDLParsers:163 - "/mnt/work/amiga/Peripherals/A2630/Recreate/Logic/N2630/N2630_Main.vhd" Line 275. Unexpected symbol read: _.
ERROR:HDLParsers:808 - "/mnt/work/amiga/Peripherals/A2630/Recreate/Logic/N2630/N2630_Main.vhd" Line 275. = can not have such operands in this context.
ERROR:HDLParsers:808 - "/mnt/work/amiga/Peripherals/A2630/Recreate/Logic/N2630/N2630_Main.vhd" Line 275. = can not have such operands in this context.
ERROR:HDLParsers:808 - "/mnt/work/amiga/Peripherals/A2630/Recreate/Logic/N2630/N2630_Main.vhd" Line 275. = can not have such operands in this context.
ERROR:HDLParsers:163 - "/mnt/work/amiga/Peripherals/A2630/Recreate/Logic/N2630/N2630_Main.vhd" Line 275. Unexpected symbol read: _.
ERROR:HDLParsers:808 - "/mnt/work/amiga/Peripherals/A2630/Recreate/Logic/N2630/N2630_Main.vhd" Line 275. = can not have such operands in this context.
ERROR:HDLParsers:163 - "/mnt/work/amiga/Peripherals/A2630/Recreate/Logic/N2630/N2630_Main.vhd" Line 281. Unexpected symbol read: _.
ERROR:HDLParsers:808 - "/mnt/work/amiga/Peripherals/A2630/Recreate/Logic/N2630/N2630_Main.vhd" Line 281. = can not have such operands in this context.
ERROR:HDLParsers:808 - "/mnt/work/amiga/Peripherals/A2630/Recreate/Logic/N2630/N2630_Main.vhd" Line 281. = can not have such operands in this context.
ERROR:HDLParsers:163 - "/mnt/work/amiga/Peripherals/A2630/Recreate/Logic/N2630/N2630_Main.vhd" Line 281. Unexpected symbol read: _.
ERROR:HDLParsers:808 - "/mnt/work/amiga/Peripherals/A2630/Recreate/Logic/N2630/N2630_Main.vhd" Line 281. = can not have such operands in this context.
ERROR:HDLParsers:163 - "/mnt/work/amiga/Peripherals/A2630/Recreate/Logic/N2630/N2630_Main.vhd" Line 284. Unexpected symbol read: _.
ERROR:HDLParsers:3313 - "/mnt/work/amiga/Peripherals/A2630/Recreate/Logic/N2630/N2630_Main.vhd" Line 284. Undefined symbol 'AAS'.  Should it be: AbS?
ERROR:HDLParsers:163 - "/mnt/work/amiga/Peripherals/A2630/Recreate/Logic/N2630/N2630_Main.vhd" Line 286. Unexpected symbol read: _.
ERROR:HDLParsers:1209 - "/mnt/work/amiga/Peripherals/A2630/Recreate/Logic/N2630/N2630_Main.vhd" Line 286. AAS: Undefined symbol (last report in this block)
ERROR:HDLParsers:163 - "/mnt/work/amiga/Peripherals/A2630/Recreate/Logic/N2630/N2630_Main.vhd" Line 289. Unexpected symbol read: _.
WARNING:HDLParsers:1406 - "/mnt/work/amiga/Peripherals/A2630/Recreate/Logic/N2630/N2630_Main.vhd" Line 273. No sensitivity list and no wait in the process
ERROR:HDLParsers:163 - "/mnt/work/amiga/Peripherals/A2630/Recreate/Logic/N2630/N2630_Main.vhd" Line 299. Unexpected symbol read: _.
ERROR:HDLParsers:3312 - "/mnt/work/amiga/Peripherals/A2630/Recreate/Logic/N2630/N2630_Main.vhd" Line 299. Undefined symbol 'MEMLOCK'.
ERROR:HDLParsers:808 - "/mnt/work/amiga/Peripherals/A2630/Recreate/Logic/N2630/N2630_Main.vhd" Line 301. = can not have such operands in this context.
ERROR:HDLParsers:808 - "/mnt/work/amiga/Peripherals/A2630/Recreate/Logic/N2630/N2630_Main.vhd" Line 301. = can not have such operands in this context.
ERROR:HDLParsers:808 - "/mnt/work/amiga/Peripherals/A2630/Recreate/Logic/N2630/N2630_Main.vhd" Line 301. = can not have such operands in this context.
ERROR:HDLParsers:163 - "/mnt/work/amiga/Peripherals/A2630/Recreate/Logic/N2630/N2630_Main.vhd" Line 304. Unexpected symbol read: _.
ERROR:HDLParsers:808 - "/mnt/work/amiga/Peripherals/A2630/Recreate/Logic/N2630/N2630_Main.vhd" Line 304. = can not have such operands in this context.
ERROR:HDLParsers:163 - "/mnt/work/amiga/Peripherals/A2630/Recreate/Logic/N2630/N2630_Main.vhd" Line 307. Unexpected symbol read: _.
ERROR:HDLParsers:808 - "/mnt/work/amiga/Peripherals/A2630/Recreate/Logic/N2630/N2630_Main.vhd" Line 307. = can not have such operands in this context.
ERROR:HDLParsers:808 - "/mnt/work/amiga/Peripherals/A2630/Recreate/Logic/N2630/N2630_Main.vhd" Line 310. = can not have such operands in this context.
ERROR:HDLParsers:163 - "/mnt/work/amiga/Peripherals/A2630/Recreate/Logic/N2630/N2630_Main.vhd" Line 321. Unexpected symbol read: _.
ERROR:HDLParsers:3312 - "/mnt/work/amiga/Peripherals/A2630/Recreate/Logic/N2630/N2630_Main.vhd" Line 321. Undefined symbol 'EXTERN'.
ERROR:HDLParsers:808 - "/mnt/work/amiga/Peripherals/A2630/Recreate/Logic/N2630/N2630_Main.vhd" Line 323. = can not have such operands in this context.
ERROR:HDLParsers:163 - "/mnt/work/amiga/Peripherals/A2630/Recreate/Logic/N2630/N2630_Main.vhd" Line 323. Unexpected symbol read: _.
ERROR:HDLParsers:808 - "/mnt/work/amiga/Peripherals/A2630/Recreate/Logic/N2630/N2630_Main.vhd" Line 323. = can not have such operands in this context.
ERROR:HDLParsers:3312 - "/mnt/work/amiga/Peripherals/A2630/Recreate/Logic/N2630/N2630_Main.vhd" Line 335. Undefined symbol 'SCLK'.
ERROR:HDLParsers:1209 - "/mnt/work/amiga/Peripherals/A2630/Recreate/Logic/N2630/N2630_Main.vhd" Line 335. SCLK: Undefined symbol (last report in this block)
ERROR:HDLParsers:163 - "/mnt/work/amiga/Peripherals/A2630/Recreate/Logic/N2630/N2630_Main.vhd" Line 337. Unexpected symbol read: _.
ERROR:HDLParsers:3312 - "/mnt/work/amiga/Peripherals/A2630/Recreate/Logic/N2630/N2630_Main.vhd" Line 337. Undefined symbol 'dsen'.
ERROR:HDLParsers:164 - "/mnt/work/amiga/Peripherals/A2630/Recreate/Logic/N2630/N2630_Main.vhd" Line 338. parse error, unexpected WHEN, expecting SEMICOLON
ERROR:HDLParsers:163 - "/mnt/work/amiga/Peripherals/A2630/Recreate/Logic/N2630/N2630_Main.vhd" Line 339. Unexpected symbol read: _.
ERROR:HDLParsers:163 - "/mnt/work/amiga/Peripherals/A2630/Recreate/Logic/N2630/N2630_Main.vhd" Line 339. Unexpected symbol read: _.
WARNING:HDLParsers:1406 - "/mnt/work/amiga/Peripherals/A2630/Recreate/Logic/N2630/N2630_Main.vhd" Line 335. No sensitivity list and no wait in the process
ERROR:HDLParsers:3312 - "/mnt/work/amiga/Peripherals/A2630/Recreate/Logic/N2630/N2630_Main.vhd" Line 354. Undefined symbol 'SCLK'.
ERROR:HDLParsers:1209 - "/mnt/work/amiga/Peripherals/A2630/Recreate/Logic/N2630/N2630_Main.vhd" Line 354. SCLK: Undefined symbol (last report in this block)
ERROR:HDLParsers:163 - "/mnt/work/amiga/Peripherals/A2630/Recreate/Logic/N2630/N2630_Main.vhd" Line 356. Unexpected symbol read: _.
ERROR:HDLParsers:3312 - "/mnt/work/amiga/Peripherals/A2630/Recreate/Logic/N2630/N2630_Main.vhd" Line 356. Undefined symbol 'S7MDIS_DFF'.
ERROR:HDLParsers:164 - "/mnt/work/amiga/Peripherals/A2630/Recreate/Logic/N2630/N2630_Main.vhd" Line 357. parse error, unexpected WHEN, expecting SEMICOLON
ERROR:HDLParsers:163 - "/mnt/work/amiga/Peripherals/A2630/Recreate/Logic/N2630/N2630_Main.vhd" Line 358. Unexpected symbol read: _.
ERROR:HDLParsers:163 - "/mnt/work/amiga/Peripherals/A2630/Recreate/Logic/N2630/N2630_Main.vhd" Line 358. Unexpected symbol read: _.
WARNING:HDLParsers:1406 - "/mnt/work/amiga/Peripherals/A2630/Recreate/Logic/N2630/N2630_Main.vhd" Line 354. No sensitivity list and no wait in the process
ERROR:HDLParsers:3312 - "/mnt/work/amiga/Peripherals/A2630/Recreate/Logic/N2630/N2630_Main.vhd" Line 368. Undefined symbol 'SCLK'.
ERROR:HDLParsers:1209 - "/mnt/work/amiga/Peripherals/A2630/Recreate/Logic/N2630/N2630_Main.vhd" Line 368. SCLK: Undefined symbol (last report in this block)
ERROR:HDLParsers:3312 - "/mnt/work/amiga/Peripherals/A2630/Recreate/Logic/N2630/N2630_Main.vhd" Line 370. Undefined symbol 's_7mdis'.
ERROR:HDLParsers:164 - "/mnt/work/amiga/Peripherals/A2630/Recreate/Logic/N2630/N2630_Main.vhd" Line 371. parse error, unexpected WHEN, expecting SEMICOLON
ERROR:HDLParsers:163 - "/mnt/work/amiga/Peripherals/A2630/Recreate/Logic/N2630/N2630_Main.vhd" Line 372. Unexpected symbol read: _.
WARNING:HDLParsers:1406 - "/mnt/work/amiga/Peripherals/A2630/Recreate/Logic/N2630/N2630_Main.vhd" Line 368. No sensitivity list and no wait in the process
ERROR:HDLParsers:3312 - "/mnt/work/amiga/Peripherals/A2630/Recreate/Logic/N2630/N2630_Main.vhd" Line 382. Undefined symbol 'ROMCLK'.
ERROR:HDLParsers:808 - "/mnt/work/amiga/Peripherals/A2630/Recreate/Logic/N2630/N2630_Main.vhd" Line 384. = can not have such operands in this context.
ERROR:HDLParsers:163 - "/mnt/work/amiga/Peripherals/A2630/Recreate/Logic/N2630/N2630_Main.vhd" Line 384. Unexpected symbol read: _.
ERROR:HDLParsers:808 - "/mnt/work/amiga/Peripherals/A2630/Recreate/Logic/N2630/N2630_Main.vhd" Line 384. = can not have such operands in this context.
ERROR:HDLParsers:808 - "/mnt/work/amiga/Peripherals/A2630/Recreate/Logic/N2630/N2630_Main.vhd" Line 384. = can not have such operands in this context.
ERROR:HDLParsers:808 - "/mnt/work/amiga/Peripherals/A2630/Recreate/Logic/N2630/N2630_Main.vhd" Line 384. = can not have such operands in this context.
ERROR:HDLParsers:808 - "/mnt/work/amiga/Peripherals/A2630/Recreate/Logic/N2630/N2630_Main.vhd" Line 384. = can not have such operands in this context.
ERROR:HDLParsers:808 - "/mnt/work/amiga/Peripherals/A2630/Recreate/Logic/N2630/N2630_Main.vhd" Line 386. = can not have such operands in this context.
ERROR:HDLParsers:163 - "/mnt/work/amiga/Peripherals/A2630/Recreate/Logic/N2630/N2630_Main.vhd" Line 386. Unexpected symbol read: _.
ERROR:HDLParsers:808 - "/mnt/work/amiga/Peripherals/A2630/Recreate/Logic/N2630/N2630_Main.vhd" Line 386. = can not have such operands in this context.
ERROR:HDLParsers:3312 - "/mnt/work/amiga/Peripherals/A2630/Recreate/Logic/N2630/N2630_Main.vhd" Line 393. Undefined symbol 'RAMCLK'.
ERROR:HDLParsers:808 - "/mnt/work/amiga/Peripherals/A2630/Recreate/Logic/N2630/N2630_Main.vhd" Line 395. = can not have such operands in this context.
ERROR:HDLParsers:163 - "/mnt/work/amiga/Peripherals/A2630/Recreate/Logic/N2630/N2630_Main.vhd" Line 395. Unexpected symbol read: _.
ERROR:HDLParsers:808 - "/mnt/work/amiga/Peripherals/A2630/Recreate/Logic/N2630/N2630_Main.vhd" Line 395. = can not have such operands in this context.
ERROR:HDLParsers:808 - "/mnt/work/amiga/Peripherals/A2630/Recreate/Logic/N2630/N2630_Main.vhd" Line 395. = can not have such operands in this context.
ERROR:HDLParsers:808 - "/mnt/work/amiga/Peripherals/A2630/Recreate/Logic/N2630/N2630_Main.vhd" Line 395. = can not have such operands in this context.
ERROR:HDLParsers:808 - "/mnt/work/amiga/Peripherals/A2630/Recreate/Logic/N2630/N2630_Main.vhd" Line 395. = can not have such operands in this context.
ERROR:HDLParsers:163 - "/mnt/work/amiga/Peripherals/A2630/Recreate/Logic/N2630/N2630_Main.vhd" Line 398. Unexpected symbol read: _.
ERROR:HDLParsers:808 - "/mnt/work/amiga/Peripherals/A2630/Recreate/Logic/N2630/N2630_Main.vhd" Line 398. = can not have such operands in this context.
ERROR:HDLParsers:808 - "/mnt/work/amiga/Peripherals/A2630/Recreate/Logic/N2630/N2630_Main.vhd" Line 398. = can not have such operands in this context.
ERROR:HDLParsers:1209 - "/mnt/work/amiga/Peripherals/A2630/Recreate/Logic/N2630/N2630_Main.vhd" Line 407. ROMCLK: Undefined symbol (last report in this block)
ERROR:HDLParsers:163 - "/mnt/work/amiga/Peripherals/A2630/Recreate/Logic/N2630/N2630_Main.vhd" Line 407. Unexpected symbol read: _.
ERROR:HDLParsers:3312 - "/mnt/work/amiga/Peripherals/A2630/Recreate/Logic/N2630/N2630_Main.vhd" Line 407. Undefined symbol 'REGRESET'.
ERROR:HDLParsers:1209 - "/mnt/work/amiga/Peripherals/A2630/Recreate/Logic/N2630/N2630_Main.vhd" Line 407. REGRESET: Undefined symbol (last report in this block)
ERROR:HDLParsers:163 - "/mnt/work/amiga/Peripherals/A2630/Recreate/Logic/N2630/N2630_Main.vhd" Line 408. Unexpected symbol read: _.
ERROR:HDLParsers:3312 - "/mnt/work/amiga/Peripherals/A2630/Recreate/Logic/N2630/N2630_Main.vhd" Line 409. Undefined symbol 'PHANTOMLO'.
ERROR:HDLParsers:3312 - "/mnt/work/amiga/Peripherals/A2630/Recreate/Logic/N2630/N2630_Main.vhd" Line 410. Undefined symbol 'PHANTOMHI'.
ERROR:HDLParsers:3312 - "/mnt/work/amiga/Peripherals/A2630/Recreate/Logic/N2630/N2630_Main.vhd" Line 411. Undefined symbol 'ROMCONF'.
ERROR:HDLParsers:3312 - "/mnt/work/amiga/Peripherals/A2630/Recreate/Logic/N2630/N2630_Main.vhd" Line 412. Undefined symbol 'RSTENB'.
ERROR:HDLParsers:3312 - "/mnt/work/amiga/Peripherals/A2630/Recreate/Logic/N2630/N2630_Main.vhd" Line 413. Undefined symbol 'JMODE'.
ERROR:HDLParsers:3312 - "/mnt/work/amiga/Peripherals/A2630/Recreate/Logic/N2630/N2630_Main.vhd" Line 414. Undefined symbol 'MODE68K'.
ERROR:HDLParsers:3312 - "/mnt/work/amiga/Peripherals/A2630/Recreate/Logic/N2630/N2630_Main.vhd" Line 415. Undefined symbol 'RISING_EDGE'.
ERROR:HDLParsers:1209 - "/mnt/work/amiga/Peripherals/A2630/Recreate/Logic/N2630/N2630_Main.vhd" Line 415. RISING_EDGE: Undefined symbol (last report in this block)
ERROR:HDLParsers:1209 - "/mnt/work/amiga/Peripherals/A2630/Recreate/Logic/N2630/N2630_Main.vhd" Line 416. PHANTOMLO: Undefined symbol (last report in this block)
ERROR:HDLParsers:3312 - "/mnt/work/amiga/Peripherals/A2630/Recreate/Logic/N2630/N2630_Main.vhd" Line 416. Undefined symbol 'D'.
ERROR:HDLParsers:1209 - "/mnt/work/amiga/Peripherals/A2630/Recreate/Logic/N2630/N2630_Main.vhd" Line 416. D: Undefined symbol (last report in this block)
ERROR:HDLParsers:1209 - "/mnt/work/amiga/Peripherals/A2630/Recreate/Logic/N2630/N2630_Main.vhd" Line 417. PHANTOMHI: Undefined symbol (last report in this block)
ERROR:HDLParsers:1209 - "/mnt/work/amiga/Peripherals/A2630/Recreate/Logic/N2630/N2630_Main.vhd" Line 418. ROMCONF: Undefined symbol (last report in this block)
ERROR:HDLParsers:1209 - "/mnt/work/amiga/Peripherals/A2630/Recreate/Logic/N2630/N2630_Main.vhd" Line 419. RSTENB: Undefined symbol (last report in this block)
ERROR:HDLParsers:1209 - "/mnt/work/amiga/Peripherals/A2630/Recreate/Logic/N2630/N2630_Main.vhd" Line 420. JMODE: Undefined symbol (last report in this block)
ERROR:HDLParsers:1209 - "/mnt/work/amiga/Peripherals/A2630/Recreate/Logic/N2630/N2630_Main.vhd" Line 421. MODE68K: Undefined symbol (last report in this block)
WARNING:HDLParsers:1406 - "/mnt/work/amiga/Peripherals/A2630/Recreate/Logic/N2630/N2630_Main.vhd" Line 407. No sensitivity list and no wait in the process
ERROR:HDLParsers:3312 - "/mnt/work/amiga/Peripherals/A2630/Recreate/Logic/N2630/N2630_Main.vhd" Line 426. Undefined symbol 'RAMCLK'.
ERROR:HDLParsers:1209 - "/mnt/work/amiga/Peripherals/A2630/Recreate/Logic/N2630/N2630_Main.vhd" Line 426. RAMCLK: Undefined symbol (last report in this block)
ERROR:HDLParsers:163 - "/mnt/work/amiga/Peripherals/A2630/Recreate/Logic/N2630/N2630_Main.vhd" Line 426. Unexpected symbol read: _.
ERROR:HDLParsers:3312 - "/mnt/work/amiga/Peripherals/A2630/Recreate/Logic/N2630/N2630_Main.vhd" Line 426. Undefined symbol 'CPURESET'.
ERROR:HDLParsers:1209 - "/mnt/work/amiga/Peripherals/A2630/Recreate/Logic/N2630/N2630_Main.vhd" Line 426. CPURESET: Undefined symbol (last report in this block)
ERROR:HDLParsers:163 - "/mnt/work/amiga/Peripherals/A2630/Recreate/Logic/N2630/N2630_Main.vhd" Line 427. Unexpected symbol read: _.
ERROR:HDLParsers:3312 - "/mnt/work/amiga/Peripherals/A2630/Recreate/Logic/N2630/N2630_Main.vhd" Line 428. Undefined symbol 'RAMCONF'.
ERROR:HDLParsers:3312 - "/mnt/work/amiga/Peripherals/A2630/Recreate/Logic/N2630/N2630_Main.vhd" Line 429. Undefined symbol 'RISING_EDGE'.
ERROR:HDLParsers:1209 - "/mnt/work/amiga/Peripherals/A2630/Recreate/Logic/N2630/N2630_Main.vhd" Line 429. RISING_EDGE: Undefined symbol (last report in this block)
ERROR:HDLParsers:1209 - "/mnt/work/amiga/Peripherals/A2630/Recreate/Logic/N2630/N2630_Main.vhd" Line 430. RAMCONF: Undefined symbol (last report in this block)
ERROR:HDLParsers:3312 - "/mnt/work/amiga/Peripherals/A2630/Recreate/Logic/N2630/N2630_Main.vhd" Line 430. Undefined symbol 'ROMCONF'.
ERROR:HDLParsers:1209 - "/mnt/work/amiga/Peripherals/A2630/Recreate/Logic/N2630/N2630_Main.vhd" Line 430. ROMCONF: Undefined symbol (last report in this block)
WARNING:HDLParsers:1406 - "/mnt/work/amiga/Peripherals/A2630/Recreate/Logic/N2630/N2630_Main.vhd" Line 426. No sensitivity list and no wait in the process
ERROR:HDLParsers:163 - "/mnt/work/amiga/Peripherals/A2630/Recreate/Logic/N2630/N2630_Main.vhd" Line 441. Unexpected symbol read: _.
ERROR:HDLParsers:164 - "/mnt/work/amiga/Peripherals/A2630/Recreate/Logic/N2630/N2630_Main.vhd" Line 441. parse error, unexpected INTEGER_LITERAL, expecting IDENTIFIER or STRING_LITERAL
ERROR:HDLParsers:163 - "/mnt/work/amiga/Peripherals/A2630/Recreate/Logic/N2630/N2630_Main.vhd" Line 442. Unexpected symbol read: _.
ERROR:HDLParsers:163 - "/mnt/work/amiga/Peripherals/A2630/Recreate/Logic/N2630/N2630_Main.vhd" Line 443. Unexpected symbol read: _.
ERROR:HDLParsers:163 - "/mnt/work/amiga/Peripherals/A2630/Recreate/Logic/N2630/N2630_Main.vhd" Line 445. Unexpected symbol read: _.
ERROR:HDLParsers:163 - "/mnt/work/amiga/Peripherals/A2630/Recreate/Logic/N2630/N2630_Main.vhd" Line 445. Unexpected symbol read: _.
ERROR:HDLParsers:163 - "/mnt/work/amiga/Peripherals/A2630/Recreate/Logic/N2630/N2630_Main.vhd" Line 447. Unexpected symbol read: _.
WARNING:HDLParsers:3481 - Library work has no units. Did not save reference file "xst/work/hdllib.ref" for it.
--> 


Total memory usage is 481524 kilobytes

Number of errors   :  216 (   0 filtered)
Number of warnings :   11 (   0 filtered)
Number of infos    :    0 (   0 filtered)

