V3 3
FL /mnt/work/amiga/Peripherals/A2630/Recreate/Logic/N2630_LOW/MAIN.vhd 2022/02/17.20:07:05 P.20131013
EN work/MAIN 1645150026 \
      FL /mnt/work/amiga/Peripherals/A2630/Recreate/Logic/N2630_LOW/MAIN.vhd \
      PB ieee/std_logic_1164 1381692176
AR work/MAIN/Behavioral 1645150027 \
      FL /mnt/work/amiga/Peripherals/A2630/Recreate/Logic/N2630_LOW/MAIN.vhd \
      EN work/MAIN 1645150026
