V3 3
FL /mnt/work/amiga/Peripherals/A2630/Recreate/Logic/N2630_LOW/MAIN.vhd 2022/02/19.13:32:36 P.20131013
EN work/MAIN 1645299159 \
      FL /mnt/work/amiga/Peripherals/A2630/Recreate/Logic/N2630_LOW/MAIN.vhd \
      PB ieee/std_logic_1164 1381692176
AR work/MAIN/Behavioral 1645299160 \
      FL /mnt/work/amiga/Peripherals/A2630/Recreate/Logic/N2630_LOW/MAIN.vhd \
      EN work/MAIN 1645299159
