V3 3
FL /mnt/work/amiga/Peripherals/A2630/Recreate/Logic/N2630_LOW/MAIN.vhd 2022/02/13.11:10:48 P.20131013
EN work/MAIN 1644772283 \
      FL /mnt/work/amiga/Peripherals/A2630/Recreate/Logic/N2630_LOW/MAIN.vhd \
      PB ieee/std_logic_1164 1381692176
AR work/MAIN/Behavioral 1644772284 \
      FL /mnt/work/amiga/Peripherals/A2630/Recreate/Logic/N2630_LOW/MAIN.vhd \
      EN work/MAIN 1644772283
